// Jest Snapshot v1, https://goo.gl/fbAQLP

exports[`MKTypography renders 1`] = `
<p>
  Mock Typography
</p>
`;
