// Jest Snapshot v1, https://goo.gl/fbAQLP

exports[`MKTypographyRoot renders 1`] = `
<p
  className="MuiTypography-root MuiTypography-body1 css-4qj1a3-MuiTypography-root"
>
  Test Typography
</p>
`;
