// Jest Snapshot v1, https://goo.gl/fbAQLP

exports[`Breadcrumbs renders with route 1`] = `
<div>
  Mock Box
</div>
`;

exports[`Breadcrumbs renders without route 1`] = `
<div>
  Mock Box
</div>
`;
