// Jest Snapshot v1, https://goo.gl/fbAQLP

exports[`ProfilePage renders 1`] = `
<div>
  Profile
</div>
`;
