// Jest Snapshot v1, https://goo.gl/fbAQLP

exports[`SignUpPage renders 1`] = `
<div>
  SignUp
</div>
`;
