// Jest Snapshot v1, https://goo.gl/fbAQLP

exports[`2048 renders 1`] = `
<div>
  Mock Layout
</div>
`;
