// Jest Snapshot v1, https://goo.gl/fbAQLP

exports[`MKAlertCloseIcon renders 1`] = `
<span
  className="css-mqrg1u"
  onClick={[MockFunction]}
>
  Hello!
</span>
`;
