// Jest Snapshot v1, https://goo.gl/fbAQLP

exports[`MKAlert renders 1`] = `<mock-style />`;

exports[`MKAlert renders gradient 1`] = `
<mock-style
  variant="gradient"
/>
`;
