// Jest Snapshot v1, https://goo.gl/fbAQLP

exports[`DHComments Adds a comment 1`] = `
<div>
  <div
    class="MuiPaper-root MuiPaper-elevation MuiPaper-rounded MuiPaper-elevation1 css-1ps6pg7-MuiPaper-root"
    style="padding: 40px 20px;"
  >
    <div
      class="MuiGrid-root MuiGrid-item MuiGrid-grid-xs-12 MuiGrid-grid-md-6 css-13i4rnv-MuiGrid-root"
    >
      <div
        class="MuiPaper-root MuiPaper-elevation MuiPaper-rounded MuiPaper-elevation1 MuiCard-root css-1m5jx39-MuiPaper-root-MuiCard-root"
      >
        <div
          class="MuiCardContent-root css-1p7cnz9-MuiCardContent-root"
        >
          <h2
            class="MuiTypography-root MuiTypography-h5 css-ozcfne-MuiTypography-root"
          >
            John Adams
          </h2>
          <h6
            class="MuiTypography-root MuiTypography-subtitle1 css-1c7g210-MuiTypography-root"
          >
            5/26/2023, 10:42:43 AM
          </h6>
          <p
            class="MuiTypography-root MuiTypography-subtitle1 MuiTypography-paragraph css-1mo0zj2-MuiTypography-root"
          >
            Play connect 4 with me
          </p>
          <span
            class="MuiTypography-root MuiTypography-a css-6tgqq3-MuiTypography-root"
            href="#"
          >
            Reply...
          </span>
          <div
            class="MuiFormControl-root MuiFormControl-fullWidth MuiTextField-root css-1c3j9he-MuiFormControl-root-MuiTextField-root"
          >
            <div
              class="MuiInputBase-root MuiInput-root MuiInput-underline MuiInputBase-colorPrimary MuiInputBase-fullWidth MuiInputBase-formControl MuiInputBase-multiline css-inw9yj-MuiInputBase-root-MuiInput-root"
            >
              <textarea
                aria-invalid="false"
                class="MuiInputBase-input MuiInput-input MuiInputBase-inputMultiline css-12marsf-MuiInputBase-input-MuiInput-input"
                id=":r0:"
                rows="6"
                style="height: 0px; overflow: hidden;"
              >
                Goodbye world!
              </textarea>
              <textarea
                aria-hidden="true"
                class="MuiInputBase-input MuiInput-input MuiInputBase-inputMultiline css-12marsf-MuiInputBase-input-MuiInput-input"
                readonly=""
                style="visibility: hidden; position: absolute; overflow: hidden; height: 0px; top: 0px; left: 0px; transform: translateZ(0); padding: 0px; width: 100%;"
                tabindex="-1"
              />
            </div>
          </div>
          <div
            class="MuiFormGroup-root css-dmmspl-MuiFormGroup-root"
          >
            <label
              class="MuiFormControlLabel-root MuiFormControlLabel-labelPlacementEnd css-knlq9b-MuiFormControlLabel-root"
            >
              <span
                class="MuiButtonBase-root MuiCheckbox-root MuiCheckbox-colorPrimary PrivateSwitchBase-root MuiCheckbox-root MuiCheckbox-colorPrimary Mui-checked MuiCheckbox-root MuiCheckbox-colorPrimary css-xyabx4-MuiButtonBase-root-MuiCheckbox-root"
              >
                <input
                  class="PrivateSwitchBase-input css-1m9pwf3"
                  data-indeterminate="false"
                  type="checkbox"
                />
                <svg
                  aria-hidden="true"
                  class="MuiSvgIcon-root MuiSvgIcon-fontSizeMedium css-17ceore-MuiSvgIcon-root"
                  data-testid="CheckBoxIcon"
                  focusable="false"
                  viewBox="0 0 24 24"
                >
                  <path
                    d="M19 3H5c-1.11 0-2 .9-2 2v14c0 1.1.89 2 2 2h14c1.11 0 2-.9 2-2V5c0-1.1-.89-2-2-2zm-9 14l-5-5 1.41-1.41L10 14.17l7.59-7.59L19 8l-9 9z"
                  />
                </svg>
                <span
                  class="MuiTouchRipple-root css-8je8zh-MuiTouchRipple-root"
                />
              </span>
              <span
                class="MuiTypography-root MuiTypography-body1 MuiFormControlLabel-label css-1dx2ob-MuiTypography-root"
              >
                Plain Text
              </span>
            </label>
            <button
              class="MuiButtonBase-root MuiButton-root MuiButton-contained MuiButton-containedPrimary MuiButton-sizeMedium MuiButton-containedSizeMedium MuiButton-root MuiButton-contained MuiButton-containedPrimary MuiButton-sizeMedium MuiButton-containedSizeMedium css-1jnei4i-MuiButtonBase-root-MuiButton-root"
              tabindex="0"
              type="submit"
            >
              Add
              <span
                class="MuiTouchRipple-root css-8je8zh-MuiTouchRipple-root"
              />
            </button>
          </div>
        </div>
      </div>
    </div>
  </div>
</div>
`;
