// Jest Snapshot v1, https://goo.gl/fbAQLP

exports[`SignOutPage renders 1`] = `
<div>
  SignOut
</div>
`;
