// Jest Snapshot v1, https://goo.gl/fbAQLP

exports[`BaseLayout BaseLayout 1`] = `
<div>
  Mock Box
</div>
`;
