// Jest Snapshot v1, https://goo.gl/fbAQLP

exports[`FeaturedPost renders 1`] = `
<div
  className="MuiGrid-root MuiGrid-item MuiGrid-grid-xs-12 MuiGrid-grid-md-6 css-13i4rnv-MuiGrid-root"
>
  <a
    className="MuiButtonBase-root MuiCardActionArea-root css-1oitmrd-MuiButtonBase-root-MuiCardActionArea-root"
    href="#"
    onBlur={[Function]}
    onContextMenu={[Function]}
    onDragLeave={[Function]}
    onFocus={[Function]}
    onKeyDown={[Function]}
    onKeyUp={[Function]}
    onMouseDown={[Function]}
    onMouseLeave={[Function]}
    onMouseUp={[Function]}
    onTouchEnd={[Function]}
    onTouchMove={[Function]}
    onTouchStart={[Function]}
    tabIndex={0}
  >
    <div
      className="MuiPaper-root MuiPaper-elevation MuiPaper-rounded MuiPaper-elevation1 MuiCard-root css-1oqv2c0-MuiPaper-root-MuiCard-root"
    >
      <div
        className="MuiCardContent-root css-97bign-MuiCardContent-root"
      >
        <h2
          className="MuiTypography-root MuiTypography-h5 css-ag7rrr-MuiTypography-root"
        />
        <h6
          className="MuiTypography-root MuiTypography-subtitle1 css-ecpxie-MuiTypography-root"
        />
        <p
          className="MuiTypography-root MuiTypography-subtitle1 MuiTypography-paragraph css-11j0rze-MuiTypography-root"
        />
        <h6
          className="MuiTypography-root MuiTypography-subtitle1 css-x4wfr5-MuiTypography-root"
        >
          Continue reading...
        </h6>
      </div>
      <img
        alt="main image description"
        className="MuiCardMedia-root MuiCardMedia-media MuiCardMedia-img css-fnq5ct-MuiCardMedia-root"
        src="https://source.unsplash.com/random"
      />
    </div>
    <span
      className="MuiCardActionArea-focusHighlight css-1v2exvi-MuiCardActionArea-focusHighlight"
    />
  </a>
</div>
`;
