// Jest Snapshot v1, https://goo.gl/fbAQLP

exports[`Othello renders with user 1`] = `
<div>
  Mock Layout
</div>
`;

exports[`Othello renders without user 1`] = `
<div>
  Mock Layout
</div>
`;
