// Jest Snapshot v1, https://goo.gl/fbAQLP

exports[`DHEditor renders 1`] = `
<div>
  <div
    class="MuiFormControl-root MuiFormControl-fullWidth MuiTextField-root css-1c3j9he-MuiFormControl-root-MuiTextField-root"
  >
    <div
      class="MuiInputBase-root MuiInput-root MuiInput-underline MuiInputBase-colorPrimary MuiInputBase-fullWidth MuiInputBase-formControl MuiInputBase-multiline css-inw9yj-MuiInputBase-root-MuiInput-root"
    >
      <textarea
        aria-invalid="false"
        class="MuiInputBase-input MuiInput-input MuiInputBase-inputMultiline css-12marsf-MuiInputBase-input-MuiInput-input"
        id=":r0:"
        rows="6"
        style="height: 0px; overflow: hidden;"
      />
      <textarea
        aria-hidden="true"
        class="MuiInputBase-input MuiInput-input MuiInputBase-inputMultiline css-12marsf-MuiInputBase-input-MuiInput-input"
        readonly=""
        style="visibility: hidden; position: absolute; overflow: hidden; height: 0px; top: 0px; left: 0px; transform: translateZ(0); padding: 0px; width: 100%;"
        tabindex="-1"
      />
    </div>
  </div>
</div>
`;
