// Jest Snapshot v1, https://goo.gl/fbAQLP

exports[`AuthContext renders 1`] = `
<div>
  Hello world!
</div>
`;
