// Jest Snapshot v1, https://goo.gl/fbAQLP

exports[`SignIn renders 1`] = `
<div>
  <div
    class="MuiContainer-root MuiContainer-maxWidthLg css-1rujksk-MuiContainer-root"
  >
    <div
      class="MuiBox-root css-t25fv4"
    >
      <div
        class="MuiBox-root css-1dyncq9"
      >
        <a
          href="/"
        >
          <span
            class="MuiTypography-root MuiTypography-button css-n07g5z-MuiTypography-root"
          >
            Daniel Hong Portfolio
          </span>
        </a>
        <div
          class="MuiBox-root css-k0f0w7"
        >
          <a
            href="/doughnutRider"
          >
            <p
              class="MuiTypography-root MuiTypography-body2 css-incl6n-MuiTypography-root"
            >
              <svg
                aria-hidden="true"
                class="MuiSvgIcon-root MuiSvgIcon-fontSizeInherit css-eimhud-MuiSvgIcon-root"
                data-testid="DonutSmallIcon"
                focusable="false"
                viewBox="0 0 24 24"
              >
                <path
                  d="M11 9.16V2c-5 .5-9 4.79-9 10s4 9.5 9 10v-7.16c-1-.41-2-1.52-2-2.84s1-2.43 2-2.84zM14.86 11H22c-.48-4.75-4-8.53-9-9v7.16c1 .3 1.52.98 1.86 1.84zM13 14.84V22c5-.47 8.52-4.25 9-9h-7.14c-.34.86-.86 1.54-1.86 1.84z"
                />
              </svg>
            </p>
            <span
              class="MuiTypography-root MuiTypography-button css-1vt2rd0-MuiTypography-root"
            >
              doughnut rider
            </span>
            <p
              class="MuiTypography-root MuiTypography-body2 css-174uyvw-MuiTypography-root"
            >
              <span
                aria-hidden="true"
                class="material-icons-round notranslate MuiIcon-root MuiIcon-fontSizeInherit css-x5zaln-MuiIcon-root"
              />
            </p>
          </a>
          <div
            class="MuiBox-root css-bgea9c"
          >
            <p
              class="MuiTypography-root MuiTypography-body2 css-incl6n-MuiTypography-root"
            >
              <span
                aria-hidden="true"
                class="material-icons-round notranslate MuiIcon-root MuiIcon-fontSizeInherit css-1neevca-MuiIcon-root"
              >
                view_day
              </span>
            </p>
            <span
              class="MuiTypography-root MuiTypography-button css-1vt2rd0-MuiTypography-root"
            >
              sections
            </span>
            <p
              class="MuiTypography-root MuiTypography-body2 css-174uyvw-MuiTypography-root"
            >
              <span
                aria-hidden="true"
                class="material-icons-round notranslate MuiIcon-root MuiIcon-fontSizeInherit css-x5zaln-MuiIcon-root"
              >
                keyboard_arrow_down
              </span>
            </p>
          </div>
          <a
            class="MuiBox-root css-bgea9c"
            href="https://github.com/dhong9/dhong9.github.io"
            rel="noreferrer"
            target="_blank"
          >
            <p
              class="MuiTypography-root MuiTypography-body2 css-incl6n-MuiTypography-root"
            >
              <svg
                aria-hidden="true"
                class="MuiSvgIcon-root MuiSvgIcon-fontSizeInherit css-eimhud-MuiSvgIcon-root"
                data-testid="GitHubIcon"
                focusable="false"
                viewBox="0 0 24 24"
              >
                <path
                  d="M12 1.27a11 11 0 00-3.48 21.46c.55.09.73-.28.73-.55v-1.84c-3.03.64-3.67-1.46-3.67-1.46-.55-1.29-1.28-1.65-1.28-1.65-.92-.65.1-.65.1-.65 1.1 0 1.73 1.1 1.73 1.1.92 1.65 2.57 1.2 3.21.92a2 2 0 01.64-1.47c-2.47-.27-5.04-1.19-5.04-5.5 0-1.1.46-2.1 1.2-2.84a3.76 3.76 0 010-2.93s.91-.28 3.11 1.1c1.8-.49 3.7-.49 5.5 0 2.1-1.38 3.02-1.1 3.02-1.1a3.76 3.76 0 010 2.93c.83.74 1.2 1.74 1.2 2.94 0 4.21-2.57 5.13-5.04 5.4.45.37.82.92.82 2.02v3.03c0 .27.1.64.73.55A11 11 0 0012 1.27"
                />
              </svg>
            </p>
            <span
              class="MuiTypography-root MuiTypography-button css-1vt2rd0-MuiTypography-root"
            >
              github
            </span>
            <p
              class="MuiTypography-root MuiTypography-body2 css-174uyvw-MuiTypography-root"
            >
              <span
                aria-hidden="true"
                class="material-icons-round notranslate MuiIcon-root MuiIcon-fontSizeInherit css-x5zaln-MuiIcon-root"
              />
            </p>
          </a>
        </div>
        <div
          class="MuiBox-root css-13l63k6"
        />
        <div
          class="MuiBox-root css-9skpnh"
        >
          <span
            aria-hidden="true"
            class="material-icons-round notranslate MuiIcon-root MuiIcon-fontSizeDefault css-75zff6-MuiIcon-root"
          >
            menu
          </span>
        </div>
      </div>
      <div
        class="MuiBox-root css-yhb49f"
      />
    </div>
  </div>
  <div
    class="MuiBox-root css-woio14"
  />
  <div
    class="MuiBox-root css-1adool0"
  >
    <div
      class="MuiGrid-root MuiGrid-container MuiGrid-spacing-xs-1 css-9svixu-MuiGrid-root"
    >
      <div
        class="MuiGrid-root MuiGrid-item MuiGrid-grid-xs-11 MuiGrid-grid-sm-9 MuiGrid-grid-md-5 MuiGrid-grid-lg-4 MuiGrid-grid-xl-3 css-1auz1p1-MuiGrid-root"
      >
        <div
          class="MuiPaper-root MuiPaper-elevation MuiPaper-rounded MuiPaper-elevation1 MuiCard-root css-1h15ts-MuiPaper-root-MuiCard-root"
        >
          <div
            class="MuiBox-root css-15m7mkq"
          >
            <h4
              class="MuiTypography-root MuiTypography-h4 css-o30d1n-MuiTypography-root"
            >
              Sign in
            </h4>
            <div
              class="MuiGrid-root MuiGrid-container MuiGrid-spacing-xs-3 css-12yok62-MuiGrid-root"
            >
              <div
                class="MuiGrid-root MuiGrid-item MuiGrid-grid-xs-2 css-veqwn4-MuiGrid-root"
              >
                <a
                  class="MuiTypography-root MuiTypography-inherit MuiLink-root MuiLink-underlineNone MuiTypography-root MuiTypography-body1 css-t0kujj-MuiTypography-root-MuiLink-root-MuiTypography-root"
                  href="#"
                >
                  <svg
                    aria-hidden="true"
                    class="MuiSvgIcon-root MuiSvgIcon-fontSizeInherit css-eimhud-MuiSvgIcon-root"
                    data-testid="FacebookIcon"
                    focusable="false"
                    viewBox="0 0 24 24"
                  >
                    <path
                      d="M5 3h14a2 2 0 0 1 2 2v14a2 2 0 0 1-2 2H5a2 2 0 0 1-2-2V5a2 2 0 0 1 2-2m13 2h-2.5A3.5 3.5 0 0 0 12 8.5V11h-2v3h2v7h3v-7h3v-3h-3V9a1 1 0 0 1 1-1h2V5z"
                    />
                  </svg>
                </a>
              </div>
              <div
                class="MuiGrid-root MuiGrid-item MuiGrid-grid-xs-2 css-veqwn4-MuiGrid-root"
              >
                <a
                  class="MuiTypography-root MuiTypography-inherit MuiLink-root MuiLink-underlineNone MuiTypography-root MuiTypography-body1 css-t0kujj-MuiTypography-root-MuiLink-root-MuiTypography-root"
                  href="#"
                >
                  <svg
                    aria-hidden="true"
                    class="MuiSvgIcon-root MuiSvgIcon-fontSizeInherit css-eimhud-MuiSvgIcon-root"
                    data-testid="GitHubIcon"
                    focusable="false"
                    viewBox="0 0 24 24"
                  >
                    <path
                      d="M12 1.27a11 11 0 00-3.48 21.46c.55.09.73-.28.73-.55v-1.84c-3.03.64-3.67-1.46-3.67-1.46-.55-1.29-1.28-1.65-1.28-1.65-.92-.65.1-.65.1-.65 1.1 0 1.73 1.1 1.73 1.1.92 1.65 2.57 1.2 3.21.92a2 2 0 01.64-1.47c-2.47-.27-5.04-1.19-5.04-5.5 0-1.1.46-2.1 1.2-2.84a3.76 3.76 0 010-2.93s.91-.28 3.11 1.1c1.8-.49 3.7-.49 5.5 0 2.1-1.38 3.02-1.1 3.02-1.1a3.76 3.76 0 010 2.93c.83.74 1.2 1.74 1.2 2.94 0 4.21-2.57 5.13-5.04 5.4.45.37.82.92.82 2.02v3.03c0 .27.1.64.73.55A11 11 0 0012 1.27"
                    />
                  </svg>
                </a>
              </div>
              <div
                class="MuiGrid-root MuiGrid-item MuiGrid-grid-xs-2 css-veqwn4-MuiGrid-root"
              >
                <a
                  class="MuiTypography-root MuiTypography-inherit MuiLink-root MuiLink-underlineNone MuiTypography-root MuiTypography-body1 css-t0kujj-MuiTypography-root-MuiLink-root-MuiTypography-root"
                  href="#"
                >
                  <svg
                    aria-hidden="true"
                    class="MuiSvgIcon-root MuiSvgIcon-fontSizeInherit css-eimhud-MuiSvgIcon-root"
                    data-testid="GoogleIcon"
                    focusable="false"
                    viewBox="0 0 24 24"
                  >
                    <path
                      d="M12.545,10.239v3.821h5.445c-0.712,2.315-2.647,3.972-5.445,3.972c-3.332,0-6.033-2.701-6.033-6.032s2.701-6.032,6.033-6.032c1.498,0,2.866,0.549,3.921,1.453l2.814-2.814C17.503,2.988,15.139,2,12.545,2C7.021,2,2.543,6.477,2.543,12s4.478,10,10.002,10c8.396,0,10.249-7.85,9.426-11.748L12.545,10.239z"
                    />
                  </svg>
                </a>
              </div>
            </div>
          </div>
          <div
            class="MuiBox-root css-1iu09ww"
          >
            <form
              class="MuiBox-root css-1ircn5c"
              role="form"
            >
              <div
                class="MuiBox-root css-16pyyvj"
              >
                <div
                  class="MuiFormControl-root MuiFormControl-fullWidth MuiTextField-root css-1c3j9he-MuiFormControl-root-MuiTextField-root"
                >
                  <label
                    class="MuiFormLabel-root MuiInputLabel-root MuiInputLabel-formControl MuiInputLabel-animated MuiInputLabel-outlined MuiFormLabel-colorPrimary MuiInputLabel-root MuiInputLabel-formControl MuiInputLabel-animated MuiInputLabel-outlined css-uk4jy3-MuiFormLabel-root-MuiInputLabel-root"
                    data-shrink="false"
                    for=":r0:"
                    id=":r0:-label"
                  >
                    Username
                  </label>
                  <div
                    class="MuiInputBase-root MuiOutlinedInput-root MuiInputBase-colorPrimary MuiInputBase-fullWidth MuiInputBase-formControl css-12n1zae-MuiInputBase-root-MuiOutlinedInput-root"
                  >
                    <input
                      aria-invalid="false"
                      class="MuiInputBase-input MuiOutlinedInput-input css-5mmmz-MuiInputBase-input-MuiOutlinedInput-input"
                      id=":r0:"
                      type="text"
                      value=""
                    />
                    <fieldset
                      aria-hidden="true"
                      class="MuiOutlinedInput-notchedOutline css-135f4hd-MuiOutlinedInput-notchedOutline"
                    >
                      <legend
                        class="css-yjsfm1"
                      >
                        <span>
                          Username
                        </span>
                      </legend>
                    </fieldset>
                  </div>
                </div>
              </div>
              <div
                class="MuiBox-root css-16pyyvj"
              >
                <div
                  class="MuiFormControl-root MuiFormControl-fullWidth MuiTextField-root css-1c3j9he-MuiFormControl-root-MuiTextField-root"
                >
                  <label
                    class="MuiFormLabel-root MuiInputLabel-root MuiInputLabel-formControl MuiInputLabel-animated MuiInputLabel-outlined MuiFormLabel-colorPrimary MuiInputLabel-root MuiInputLabel-formControl MuiInputLabel-animated MuiInputLabel-outlined css-uk4jy3-MuiFormLabel-root-MuiInputLabel-root"
                    data-shrink="false"
                    for=":r1:"
                    id=":r1:-label"
                  >
                    Password
                  </label>
                  <div
                    class="MuiInputBase-root MuiOutlinedInput-root MuiInputBase-colorPrimary MuiInputBase-fullWidth MuiInputBase-formControl css-12n1zae-MuiInputBase-root-MuiOutlinedInput-root"
                  >
                    <input
                      aria-invalid="false"
                      class="MuiInputBase-input MuiOutlinedInput-input css-5mmmz-MuiInputBase-input-MuiOutlinedInput-input"
                      id=":r1:"
                      type="password"
                      value=""
                    />
                    <fieldset
                      aria-hidden="true"
                      class="MuiOutlinedInput-notchedOutline css-135f4hd-MuiOutlinedInput-notchedOutline"
                    >
                      <legend
                        class="css-yjsfm1"
                      >
                        <span>
                          Password
                        </span>
                      </legend>
                    </fieldset>
                  </div>
                </div>
              </div>
              <div
                class="MuiBox-root css-oh6zk8"
              >
                <span
                  class="MuiSwitch-root MuiSwitch-sizeMedium css-tnsvld-MuiSwitch-root"
                >
                  <span
                    class="MuiButtonBase-root MuiSwitch-switchBase MuiSwitch-colorPrimary PrivateSwitchBase-root MuiSwitch-switchBase MuiSwitch-colorPrimary css-19fdyy-MuiButtonBase-root-MuiSwitch-switchBase"
                  >
                    <input
                      class="PrivateSwitchBase-input MuiSwitch-input css-1m9pwf3"
                      type="checkbox"
                    />
                    <span
                      class="MuiSwitch-thumb css-11rehke-MuiSwitch-thumb"
                    />
                    <span
                      class="MuiTouchRipple-root css-8je8zh-MuiTouchRipple-root"
                    />
                  </span>
                  <span
                    class="MuiSwitch-track css-1jtflaz-MuiSwitch-track"
                  />
                </span>
                <span
                  class="MuiTypography-root MuiTypography-button css-6p3i9r-MuiTypography-root"
                >
                    Remember me
                </span>
              </div>
              <div />
              <div
                class="MuiBox-root css-1id64jh"
              >
                <button
                  class="MuiButtonBase-root MuiButton-root MuiButton-contained MuiButton-containedPrimary MuiButton-sizeMedium MuiButton-containedSizeMedium MuiButton-fullWidth MuiButton-root MuiButton-contained MuiButton-containedPrimary MuiButton-sizeMedium MuiButton-containedSizeMedium MuiButton-fullWidth css-1vl7gcm-MuiButtonBase-root-MuiButton-root"
                  tabindex="0"
                  type="button"
                >
                  sign in
                  <span
                    class="MuiTouchRipple-root css-8je8zh-MuiTouchRipple-root"
                  />
                </button>
              </div>
              <div
                class="MuiBox-root css-ne2rd"
              >
                <span
                  class="MuiTypography-root MuiTypography-button css-juj9v8-MuiTypography-root"
                >
                  Don't have an account?
                   
                  <a
                    href="/pages/authentication/sign-up"
                  >
                    Sign up
                  </a>
                </span>
              </div>
            </form>
          </div>
        </div>
      </div>
    </div>
  </div>
  <div
    class="MuiBox-root css-1fw6uxb"
  >
    <div
      class="MuiContainer-root MuiContainer-maxWidthLg css-1rujksk-MuiContainer-root"
    >
      <div
        class="MuiBox-root css-10nhfm9"
      >
        <div
          class="MuiBox-root css-8ulqt3"
        >
          © 
          2023
          , made with
          <div
            class="MuiBox-root css-eqjv2l"
          >
            <span
              aria-hidden="true"
              class="material-icons-round notranslate MuiIcon-root MuiIcon-fontSizeInherit css-1neevca-MuiIcon-root"
            >
              favorite
            </span>
          </div>
          by
          <a
            class="MuiTypography-root MuiTypography-inherit MuiLink-root MuiLink-underlineNone css-9lisvk-MuiTypography-root-MuiLink-root"
            href="https://www.creative-tim.com/"
            target="_blank"
          >
            <span
              class="MuiTypography-root MuiTypography-button css-1do7hv6-MuiTypography-root"
            >
               
              Creative Tim
               
            </span>
          </a>
          for a better web.
        </div>
        <ul
          class="MuiBox-root css-9ecu6"
        >
          <li
            class="MuiBox-root css-jljawk"
          >
            <a
              class="MuiTypography-root MuiTypography-inherit MuiLink-root MuiLink-underlineNone css-9lisvk-MuiTypography-root-MuiLink-root"
              href="https://www.creative-tim.com/"
              target="_blank"
            >
              <span
                class="MuiTypography-root MuiTypography-button css-1b76ia3-MuiTypography-root"
              >
                Creative Tim
              </span>
            </a>
          </li>
          <li
            class="MuiBox-root css-mnv3sn"
          >
            <a
              class="MuiTypography-root MuiTypography-inherit MuiLink-root MuiLink-underlineNone css-9lisvk-MuiTypography-root-MuiLink-root"
              href="https://www.creative-tim.com/presentation"
              target="_blank"
            >
              <span
                class="MuiTypography-root MuiTypography-button css-1b76ia3-MuiTypography-root"
              >
                About Us
              </span>
            </a>
          </li>
          <li
            class="MuiBox-root css-mnv3sn"
          >
            <a
              class="MuiTypography-root MuiTypography-inherit MuiLink-root MuiLink-underlineNone css-9lisvk-MuiTypography-root-MuiLink-root"
              href="https://www.creative-tim.com/blog"
              target="_blank"
            >
              <span
                class="MuiTypography-root MuiTypography-button css-1b76ia3-MuiTypography-root"
              >
                Blog
              </span>
            </a>
          </li>
          <li
            class="MuiBox-root css-1tpxxhu"
          >
            <a
              class="MuiTypography-root MuiTypography-inherit MuiLink-root MuiLink-underlineNone css-9lisvk-MuiTypography-root-MuiLink-root"
              href="https://www.creative-tim.com/license"
              target="_blank"
            >
              <span
                class="MuiTypography-root MuiTypography-button css-1b76ia3-MuiTypography-root"
              >
                License
              </span>
            </a>
          </li>
        </ul>
      </div>
    </div>
  </div>
</div>
`;
