// Jest Snapshot v1, https://goo.gl/fbAQLP

exports[`SignUp renders 1`] = `
[
  <div>
    Mock Navbar
  </div>,
  <div>
    Mock Box
  </div>,
  <div>
    Mock Box
  </div>,
  <div>
    Mock Box
  </div>,
]
`;
