// Jest Snapshot v1, https://goo.gl/fbAQLP

exports[`Forums renders 1`] = `
<div>
  Mock Box
</div>
`;
