// Jest Snapshot v1, https://goo.gl/fbAQLP

exports[`SignInPage renders 1`] = `
<div>
  SignIn
</div>
`;
