// Jest Snapshot v1, https://goo.gl/fbAQLP

exports[`DHSnackbar renders 1`] = `
<div>
  Mock Snackbar
  <div>
    Mock Alert
  </div>
</div>
`;
