// Jest Snapshot v1, https://goo.gl/fbAQLP

exports[`DefaultNavbar renders 1`] = `
<div>
  MUI Container
</div>
`;
